// Jest Snapshot v1, https://goo.gl/fbAQLP

exports[`BusMap Screen render should render properly 1`] = `ShallowWrapper {}`;
