// Jest Snapshot v1, https://goo.gl/fbAQLP

exports[`<ActivityIndicator /> render should render properly 1`] = `ShallowWrapper {}`;
