// Jest Snapshot v1, https://goo.gl/fbAQLP

exports[`Login Screen render should render properly 1`] = `ShallowWrapper {}`;
