// Jest Snapshot v1, https://goo.gl/fbAQLP

exports[`<BusRoutesItem /> render should render properly 1`] = `ShallowWrapper {}`;
