// Jest Snapshot v1, https://goo.gl/fbAQLP

exports[`<BusRoutesList /> render should render properly 1`] = `ShallowWrapper {}`;
